{"Time":"2026-08-16T10:53:38.506863-06:00","Action":"start","Package":"gtjpass"}
{"Time":"2026-08-16T10:53:38.506965-06:00","Action":"run","Package":"gtjpass","Test":"TestOK"}
{"Time":"2026-08-16T10:53:38.506968-06:00","Action":"output","Package":"gtjpass","Test":"TestOK","Output":"=== RUN   TestOK\n"}
{"Time":"2026-08-16T10:53:38.506974-06:00","Action":"output","Package":"gtjpass","Test":"TestOK","Output":"--- PASS: TestOK (0.00s)\n"}
{"Time":"2026-08-16T10:53:38.506979-06:00","Action":"pass","Package":"gtjpass","Test":"TestOK","Elapsed":0}
{"Time":"2026-08-16T10:53:38.506982-06:00","Action":"output","Package":"gtjpass","Output":"PASS\n"}
{"Time":"2026-08-16T10:53:38.506984-06:00","Action":"output","Package":"gtjpass","Output":"ok  \tgtjpass\t(cached)\n"}
{"Time":"2026-08-16T10:53:38.506986-06:00","Action":"pass","Package":"gtjpass","Elapsed":0}
