data: {"choices":[{"finish_reason":null,"delta":{"tool_calls":[{"function":{"name":"read_file","arguments":"{\"path\":\"a.go\"}"},"id":"call_1","index":0}]}}]}

data: {"choices":[{"finish_reason":"tool_calls","delta":{"tool_calls":[{"function":{"name":"read_file","arguments":"{\"path\":\"b.go\"}"},"id":"call_2","index":1}]}}]}

data: [DONE]

