[1m┌ wavez · ~/dev · 5 threads · ! 1 needs input · mem 0.0G/0.0G ─────────────────┐[m
[1m│ [m[2m   thread                step                        age    spend[m           [1m │[m
[1m│ [m[1mcalcipy/[m                                                                    [1m │[m
[1m│ [m[1m>   ! docs-pass            allow? rm -rf .testmondata  59m    $0.00[m         [1m │[m
[1m│ [m    > fix-lock-timeout     editing internal/lease.go   58m    $0.00         [1m │[m
[1m│ [m[1mwavez/[m                                                                      [1m │[m
[1m│ [m    * add-jj-backend       gate test 4/7               59m    $0.00         [1m │[m
[1m│ [m[1myak-shears/[m                                                                 [1m │[m
[1m│ [m    x flaky-ci             go test failed              1h     $0.00         [1m │[m
[1m│ [m    ok release-notes        done                        2h     $0.00        [1m │[m
[1m└ [enter]open [n]new [v]peek [i]inbox [s]schedule [D]diag [/]filter [q]quit ───┘[m