=== str_replace T1 run1 ===
{Format:str_replace Task:T1 Run:1 Success:false BuildVetPassed:true Turns:3 MalformedCalls:2 StaleHashOrNoMatch:2 RepeatedCallStop:true MaxTurnsHit:false TotalPromptTok:2751 TotalOutputTok:162 TotalWallMs:10493 FailureNote:}
=== str_replace T1 run2 ===
{Format:str_replace Task:T1 Run:2 Success:false BuildVetPassed:true Turns:3 MalformedCalls:2 StaleHashOrNoMatch:2 RepeatedCallStop:true MaxTurnsHit:false TotalPromptTok:2751 TotalOutputTok:162 TotalWallMs:10363 FailureNote:}
=== str_replace T2 run1 ===
{Format:str_replace Task:T2 Run:1 Success:true BuildVetPassed:true Turns:4 MalformedCalls:0 StaleHashOrNoMatch:0 RepeatedCallStop:false MaxTurnsHit:false TotalPromptTok:3392 TotalOutputTok:169 TotalWallMs:10827 FailureNote:}
=== str_replace T2 run2 ===
{Format:str_replace Task:T2 Run:2 Success:true BuildVetPassed:true Turns:4 MalformedCalls:0 StaleHashOrNoMatch:0 RepeatedCallStop:false MaxTurnsHit:false TotalPromptTok:3392 TotalOutputTok:168 TotalWallMs:10451 FailureNote:}
=== str_replace T3 run1 ===
{Format:str_replace Task:T3 Run:1 Success:true BuildVetPassed:true Turns:4 MalformedCalls:0 StaleHashOrNoMatch:0 RepeatedCallStop:false MaxTurnsHit:false TotalPromptTok:3078 TotalOutputTok:151 TotalWallMs:9658 FailureNote:}
=== str_replace T3 run2 ===
{Format:str_replace Task:T3 Run:2 Success:true BuildVetPassed:true Turns:4 MalformedCalls:0 StaleHashOrNoMatch:0 RepeatedCallStop:false MaxTurnsHit:false TotalPromptTok:3078 TotalOutputTok:151 TotalWallMs:8750 FailureNote:}
=== str_replace T4 run1 ===
{Format:str_replace Task:T4 Run:1 Success:false BuildVetPassed:true Turns:8 MalformedCalls:2 StaleHashOrNoMatch:2 RepeatedCallStop:true MaxTurnsHit:false TotalPromptTok:7080 TotalOutputTok:455 TotalWallMs:27421 FailureNote:}
=== str_replace T4 run2 ===
{Format:str_replace Task:T4 Run:2 Success:false BuildVetPassed:true Turns:5 MalformedCalls:2 StaleHashOrNoMatch:2 RepeatedCallStop:true MaxTurnsHit:false TotalPromptTok:4182 TotalOutputTok:261 TotalWallMs:17421 FailureNote:}
=== str_replace T5 run1 ===
{Format:str_replace Task:T5 Run:1 Success:false BuildVetPassed:true Turns:4 MalformedCalls:2 StaleHashOrNoMatch:2 RepeatedCallStop:true MaxTurnsHit:false TotalPromptTok:2398 TotalOutputTok:109 TotalWallMs:12788 FailureNote:}
=== str_replace T5 run2 ===
{Format:str_replace Task:T5 Run:2 Success:false BuildVetPassed:true Turns:3 MalformedCalls:2 StaleHashOrNoMatch:2 RepeatedCallStop:true MaxTurnsHit:false TotalPromptTok:2378 TotalOutputTok:109 TotalWallMs:6986 FailureNote:}
=== hashline T1 run1 ===
{Format:hashline Task:T1 Run:1 Success:false BuildVetPassed:true Turns:4 MalformedCalls:2 StaleHashOrNoMatch:2 RepeatedCallStop:true MaxTurnsHit:false TotalPromptTok:5780 TotalOutputTok:575 TotalWallMs:42579 FailureNote:}
=== hashline T1 run2 ===
{Format:hashline Task:T1 Run:2 Success:false BuildVetPassed:true Turns:4 MalformedCalls:2 StaleHashOrNoMatch:2 RepeatedCallStop:true MaxTurnsHit:false TotalPromptTok:5650 TotalOutputTok:756 TotalWallMs:44732 FailureNote:}
=== hashline T2 run1 ===
{Format:hashline Task:T2 Run:1 Success:false BuildVetPassed:true Turns:5 MalformedCalls:4 StaleHashOrNoMatch:4 RepeatedCallStop:true MaxTurnsHit:false TotalPromptTok:5879 TotalOutputTok:288 TotalWallMs:19624 FailureNote:}
=== hashline T2 run2 ===
{Format:hashline Task:T2 Run:2 Success:false BuildVetPassed:true Turns:4 MalformedCalls:3 StaleHashOrNoMatch:3 RepeatedCallStop:true MaxTurnsHit:false TotalPromptTok:4455 TotalOutputTok:229 TotalWallMs:15680 FailureNote:}
=== hashline T3 run1 ===
{Format:hashline Task:T3 Run:1 Success:true BuildVetPassed:true Turns:4 MalformedCalls:0 StaleHashOrNoMatch:0 RepeatedCallStop:false MaxTurnsHit:false TotalPromptTok:3769 TotalOutputTok:145 TotalWallMs:9909 FailureNote:}
=== hashline T3 run2 ===
{Format:hashline Task:T3 Run:2 Success:true BuildVetPassed:true Turns:5 MalformedCalls:0 StaleHashOrNoMatch:0 RepeatedCallStop:false MaxTurnsHit:false TotalPromptTok:4786 TotalOutputTok:206 TotalWallMs:13200 FailureNote:}
=== hashline T4 run1 ===
{Format:hashline Task:T4 Run:1 Success:true BuildVetPassed:true Turns:11 MalformedCalls:0 StaleHashOrNoMatch:0 RepeatedCallStop:false MaxTurnsHit:false TotalPromptTok:13982 TotalOutputTok:543 TotalWallMs:37042 FailureNote:}
=== hashline T4 run2 ===
{Format:hashline Task:T4 Run:2 Success:false BuildVetPassed:true Turns:12 MalformedCalls:0 StaleHashOrNoMatch:0 RepeatedCallStop:false MaxTurnsHit:true TotalPromptTok:15310 TotalOutputTok:650 TotalWallMs:41396 FailureNote:}
=== hashline T5 run1 ===
{Format:hashline Task:T5 Run:1 Success:false BuildVetPassed:true Turns:12 MalformedCalls:0 StaleHashOrNoMatch:0 RepeatedCallStop:false MaxTurnsHit:true TotalPromptTok:14869 TotalOutputTok:1331 TotalWallMs:76151 FailureNote:}
=== hashline T5 run2 ===
{Format:hashline Task:T5 Run:2 Success:false BuildVetPassed:true Turns:12 MalformedCalls:0 StaleHashOrNoMatch:0 RepeatedCallStop:false MaxTurnsHit:true TotalPromptTok:14869 TotalOutputTok:1327 TotalWallMs:76450 FailureNote:}
